Problem
  Name                   :                 
  Objective sense        : minimize        
  Type                   : CONIC (conic optimization problem)
  Constraints            : 4               
  Affine conic cons.     : 6 (75888 rows)
  Disjunctive cons.      : 0               
  Cones                  : 0               
  Scalar variables       : 12826           
  Matrix variables       : 0               
  Integer variables      : 0               

Optimizer started.
Presolve started.
Linear dependency checker started.
Linear dependency checker terminated.
Eliminator started.
Freed constraints in eliminator : 0
Eliminator terminated.
Eliminator - tries                  : 1                 time                   : 0.00            
Lin. dep.  - tries                  : 1                 time                   : 0.01            
Lin. dep.  - primal attempts        : 1                 successes              : 1               
Lin. dep.  - dual attempts          : 0                 successes              : 0               
Lin. dep.  - primal deps.           : 0                 dual deps.             : 0               
Presolve terminated. Time: 0.07    
Optimizer  - threads                : 32              
Optimizer  - solved problem         : the primal      
Optimizer  - Constraints            : 75891           
Optimizer  - Cones                  : 1               
Optimizer  - Scalar variables       : 6466              conic                  : 6466            
Optimizer  - Semi-definite variables: 6                 scalarized             : 75888           
Factor     - setup time             : 1197.02         
Factor     - dense det. time        : 651.24            GP order time          : 2.53            
Factor     - nonzeros before factor : 1.67e+09          after factor           : 2.22e+09        
Factor     - dense dim.             : 2                 flops                  : 8.60e+13        
ITE PFEAS    DFEAS    GFEAS    PRSTATUS   POBJ              DOBJ              MU       TIME  
0   1.0e+00  1.0e+00  1.0e+00  0.00e+00   0.000000000e+00   0.000000000e+00   1.0e+00  1197.23
1   4.4e-01  4.4e-01  2.7e-01  3.76e+00   0.000000000e+00   1.735934446e-01   4.4e-01  1408.62
2   2.8e-02  2.8e-02  4.7e-03  1.83e+00   0.000000000e+00   1.873936523e-02   2.8e-02  1608.63
3   1.8e-06  1.8e-06  2.2e-09  1.06e+00   0.000000000e+00   8.864155398e-07   1.8e-06  1820.18
4   6.5e-12  6.2e-12  7.6e-15  1.00e+00   0.000000000e+00   -4.819142421e-13  6.2e-12  1995.69
Optimizer terminated. Time: 1997.38 

