[ss-full-spin-isotypic-solve] validating immutable full-spin isotypic MOF, runmeta, and SHA256SUMS
[ss-full-spin-isotypic-solve] validating fixed setup, six exact reductions, and source hashes
[ss-full-spin-isotypic-solve] reloading MOF and validating 9 named real PSD cones
[ss-full-spin-isotypic-solve] preflight passed; attaching Mosek with threads=16, time_limit=1200s
[ss-full-spin-isotypic-solve] optimize! started
Problem
  Name                   :                 
  Objective sense        : minimize        
  Type                   : CONIC (conic optimization problem)
  Constraints            : 1               
  Affine conic cons.     : 9 (6104 rows)
  Disjunctive cons.      : 0               
  Cones                  : 0               
  Scalar variables       : 3250            
  Matrix variables       : 0               
  Integer variables      : 0               

Optimizer started.
Presolve started.
Linear dependency checker started.
Linear dependency checker terminated.
Eliminator started.
Freed constraints in eliminator : 0
Eliminator terminated.
Eliminator started.
Freed constraints in eliminator : 0
Eliminator terminated.
Eliminator - tries                  : 2                 time                   : 0.00            
Lin. dep.  - tries                  : 1                 time                   : 0.00            
Lin. dep.  - primal attempts        : 1                 successes              : 1               
Lin. dep.  - dual attempts          : 0                 successes              : 0               
Lin. dep.  - primal deps.           : 0                 dual deps.             : 0               
Presolve terminated. Time: 0.00    
Optimizer  - threads                : 16              
Optimizer  - solved problem         : the primal      
Optimizer  - Constraints            : 6104            
Optimizer  - Cones                  : 1               
Optimizer  - Scalar variables       : 3251              conic                  : 3250            
Optimizer  - Semi-definite variables: 8                 scalarized             : 6103            
Factor     - setup time             : 1.03            
Factor     - dense det. time        : 0.10              GP order time          : 0.41            
Factor     - nonzeros before factor : 2.47e+06          after factor           : 8.53e+06        
Factor     - dense dim.             : 2                 flops                  : 1.46e+10        
Factor     - GP saved nzs           : 2.72e+06          GP saved flops         : 1.16e+10        
ITE PFEAS    DFEAS    GFEAS    PRSTATUS   POBJ              DOBJ              MU       TIME  
0   1.0e+00  1.0e+00  1.0e+00  0.00e+00   0.000000000e+00   0.000000000e+00   1.0e+00  1.05  
1   4.1e-01  4.1e-01  2.6e-01  6.72e-01   0.000000000e+00   -3.249831262e-02  4.1e-01  1.30  
2   7.5e-03  7.5e-03  5.8e-04  9.05e-01   0.000000000e+00   -2.300487144e-03  7.5e-03  1.66  
3   1.4e-04  1.4e-04  1.7e-06  1.01e+00   0.000000000e+00   8.195810547e-06   1.4e-04  1.90  
4   8.0e-12  8.0e-12  1.3e-17  1.00e+00   0.000000000e+00   -6.399305543e-12  8.0e-12  2.28  
Optimizer terminated. Time: 2.28    

[ss-full-spin-isotypic-solve] optimize! returned after 7.375s
[ss-full-spin-isotypic-solve] exporting exact IEEE-754 primal variable bits
[ss-full-spin-isotypic-solve] reconstructing all 9 real symmetric PSD blocks
[ss-full-spin-isotypic-solve] result written to /work/home/iint_sjds/quantum.harness/tracks/polyopt/solutions/sdp-gap-seekers/results/ss-g4p5-scan-20260729/points/gamma-2/solve/result.toml
