[square-conic-sbatch] run_id=square-conic-d4q-rungb-g0p5-gamma2-23006793
[square-conic-sbatch] host=a03r07n07
[square-conic-sbatch] started=2026-07-29T10:28:29Z
[square-conic-sbatch] basis=bare_operator g=1//2 gamma=2//1
[square-conic-sbatch] pos_dim=352 gap_dim=4
[square-conic-sbatch] cpus=32
[square-conic-sbatch] building SquareGapConic MOF (solver-free)
[square-d4-conic-mof] bundle path: results/_build-square-conic-d4q-rungb-g0p5-gamma2-23006793; no optimizer will be attached
[square-d4-conic-mof] assembly: moments=12832, equalities=3, sha=e6149ef42c72ef16b9b828df65d83a7ff5cb8564da8373d17083cce73c6a15d7
[square-d4-conic-mof] D4 basis: A1=70,A2=24,B1=45,B2=45,E=168; build=0.091s
[square-d4-conic-mof] D4 JuMP model: blocks=5, variables=1837 (orig moments=12832, after D4 moment-orbit quotient)
[square-d4-conic-mof] MOF written: bytes=4099942, sha256=f1b4aa0ea45610407e422e70cecea7358571a4f8c03671564c3552fc2eef0d7d
[square-d4-conic-mof] independent MOF reload checks passed
[square-d4-conic-mof] runmeta and checksums written; bundle complete
model.mof.json: OK
runmeta.toml: OK
[square-conic-sbatch] solving via Mosek
[square-primal-solve] validating Gate B MOF and runmeta
[square-primal-solve] reading MOF
[square-primal-solve] attaching Mosek; threads=32, time_limit=2400s
[square-primal-solve] copying bridged model to Mosek
[square-primal-solve] Mosek task attached after 5.372s
[square-primal-solve] Mosek task: scalar_variables=1837, constraints=4, PSD_dimensions=Int32[], solve_form=dual
[square-primal-solve] optimize! started (solve form left to Mosek default)
[square-primal-solve] optimize! returned after 1462.869s
[square-primal-solve] result written to results/square-conic-d4q-rungb-g0p5-gamma2-23006793/result.toml
[square-conic-sbatch] solver_exit=0
[square-conic-sbatch] finished=2026-07-29T10:55:15Z
