Problem
  Name                   :                 
  Objective sense        : minimize        
  Type                   : CONIC (conic optimization problem)
  Constraints            : 4               
  Affine conic cons.     : 6 (75888 rows)
  Disjunctive cons.      : 0               
  Cones                  : 0               
  Scalar variables       : 1837            
  Matrix variables       : 0               
  Integer variables      : 0               

Optimizer started.
Presolve started.
Linear dependency checker started.
Linear dependency checker terminated.
Eliminator started.
Freed constraints in eliminator : 0
Eliminator terminated.
Eliminator - tries                  : 1                 time                   : 0.00            
Lin. dep.  - tries                  : 1                 time                   : 0.01            
Lin. dep.  - primal attempts        : 1                 successes              : 1               
Lin. dep.  - dual attempts          : 0                 successes              : 0               
Lin. dep.  - primal deps.           : 0                 dual deps.             : 0               
Presolve terminated. Time: 0.03    
Optimizer  - threads                : 32              
Optimizer  - solved problem         : the primal      
Optimizer  - Constraints            : 75891           
Optimizer  - Cones                  : 1               
Optimizer  - Scalar variables       : 1837              conic                  : 1837            
Optimizer  - Semi-definite variables: 6                 scalarized             : 75888           
Factor     - setup time             : 736.09          
Factor     - dense det. time        : 348.25            GP order time          : 2.15            
Factor     - nonzeros before factor : 1.67e+09          after factor           : 2.17e+09        
Factor     - dense dim.             : 20                flops                  : 8.20e+13        
ITE PFEAS    DFEAS    GFEAS    PRSTATUS   POBJ              DOBJ              MU       TIME  
0   1.0e+00  1.0e+00  1.0e+00  0.00e+00   0.000000000e+00   0.000000000e+00   1.0e+00  736.23
1   6.2e-01  6.2e-01  4.3e-01  3.78e+00   0.000000000e+00   1.327853428e-01   6.2e-01  913.35
2   5.9e-02  5.9e-02  1.5e-02  2.25e+00   0.000000000e+00   4.062211856e-02   5.9e-02  1096.26
3   3.1e-05  3.1e-05  1.7e-07  1.11e+00   0.000000000e+00   1.946382891e-05   3.1e-05  1271.88
4   1.8e-09  1.8e-09  9.8e-12  1.00e+00   0.000000000e+00   1.370179611e-11   1.8e-09  1415.74
Optimizer terminated. Time: 1416.89 

